Arguements passed 12
Argument       0: scan_gen_dist_sockets.py
Argument       1: /scratch/c.c1809139/62901052/test/optrun.62901052
Argument       2: 32
Argument       3: 62901052
Argument       4: /home/c.c1809139/PhD/Aug_2023/NEB/scan_EBMC
Argument       5: test
Argument       6: optrun.62901052
Argument       7: hawk
Argument       8: NoFix
Argument       9: 97
Argument      10: 159
Argument      11: qn.pckl
------------------------------------------------------------
Work directory                 : /scratch/c.c1809139/62901052/test/optrun.62901052
stdout file for prog           : /home/c.c1809139/PhD/Aug_2023/NEB/scan_EBMC/vasp_test_62901052.stdout
results_dir for this script    : /home/c.c1809139/PhD/Aug_2023/NEB/scan_EBMC/test/optrun.62901052
trajectory file for this run   : /home/c.c1809139/PhD/Aug_2023/NEB/scan_EBMC/test/optrun.62901052/test_62901052.traj
Stem for POSCAR files of steps : /home/c.c1809139/PhD/Aug_2023/NEB/scan_EBMC/test/optrun.62901052/test_62901052.traj
Machine running job            : hawk

zfix not set so will not freeze any atom co-ordinates unless pre-defined in geometry file.
Scan job moving atom 159 with reference to atom 97.
------------------------------------------------------------
Running command set to:
time mpirun -np 32 /apps/local/projects/scw1057/software/fhi-aims/bin/aims.230612.scalapack.mpi.x
Cell: Cell([13.088, 10.54782, 31.17])
0 Zn   0.000000   5.259723   9.445445
1 O   0.000000   2.031457   9.445445
2 O   1.635869   4.668412  10.389896
3 Zn   1.636000   2.622768  10.389896
4 Zn   1.636000   5.259723  12.279110
5 O   1.636000   2.031457  12.279110
6 O   3.271869   4.668412  13.223561
7 Zn   0.000000   2.622768  13.223561
8 Zn   0.000000   5.259723  15.112774
9 O   0.000000   2.031457  15.112774
10 O   1.635869   4.668412  16.057226
11 Zn   1.636000   2.622768  16.057226
12 Zn   1.636000   5.259723  17.946439
13 O   1.636000   2.031457  17.946439
14 O   3.305715   4.675067  18.952298
15 Zn  -0.000266   2.684020  18.814398
16 Zn   0.000993   5.326128  20.861315
17 O  -0.000868   2.044211  20.763018
18 O   1.639725   4.696217  21.654703
19 Zn   1.632746   2.862303  21.370096
20 Zn   0.000000  10.533633   9.445445
21 O   0.000000   7.305367   9.445445
22 O   1.635869   9.942322  10.389896
23 Zn   1.636000   7.896678  10.389896
24 Zn   1.636000  10.533633  12.279110
25 O   1.636000   7.305367  12.279110
26 O   3.271869   9.942322  13.223561
27 Zn   0.000000   7.896678  13.223561
28 Zn   0.000000  10.533633  15.112774
29 O   0.000000   7.305367  15.112774
30 O   1.635869   9.942322  16.057226
31 Zn   1.636000   7.896678  16.057226
32 Zn   1.636000  10.533633  17.946439
33 O   1.636000   7.305367  17.946439
34 O   3.272990   9.945565  18.890995
35 Zn  -0.000220   7.965363  18.814646
36 Zn   0.000150  10.593444  20.862547
37 O  -0.000319   7.312188  20.763211
38 O   1.639001   9.973656  21.654283
39 Zn   1.633742   8.144380  21.366611
40 Zn   3.272000   5.259723   9.445445
41 O   3.272000   2.031457   9.445445
42 O   4.907869   4.668412  10.389896
43 Zn   4.908000   2.622768  10.389896
44 Zn   4.908000   5.259723  12.279110
45 O   4.908000   2.031457  12.279110
46 O   6.543869   4.668412  13.223561
47 Zn   3.272000   2.622768  13.223561
48 Zn   3.272000   5.259723  15.112774
49 O   3.272000   2.031457  15.112774
50 O   4.907869   4.668412  16.057226
51 Zn   4.908000   2.622768  16.057226
52 Zn   4.908000   5.259723  17.946439
53 O   4.908000   2.031457  17.946439
54 O   6.523989   4.678381  18.988238
55 Zn   3.269815   2.668987  18.811501
56 Zn   3.248483   5.341025  20.895155
57 O   3.300409   2.082049  20.766758
58 Zn   4.903524   2.928440  21.480434
59 Zn   3.272000  10.533633   9.445445
60 O   3.272000   7.305367   9.445445
61 O   4.907869   9.942322  10.389896
62 Zn   4.908000   7.896678  10.389896
63 Zn   4.908000  10.533633  12.279110
64 O   4.908000   7.305367  12.279110
65 O   6.543869   9.942322  13.223561
66 Zn   3.272000   7.896678  13.223561
67 Zn   3.272000  10.533633  15.112774
68 O   3.272000   7.305367  15.112774
69 O   4.907869   9.942322  16.057226
70 Zn   4.908000   7.896678  16.057226
71 Zn   4.908000  10.533633  17.946439
72 O   4.908000   7.305367  17.946439
73 O   6.544330   9.946071  18.891805
74 Zn   3.270291   7.967660  18.809642
75 Zn   3.273272  10.595153  20.864061
76 O   3.283766   7.291007  20.764684
77 O   4.909360   9.976456  21.654530
78 Zn   4.902871   8.151788  21.377613
79 Zn   6.544000   5.259723   9.445445
80 O   6.544000   2.031457   9.445445
81 O   8.179869   4.668412  10.389896
82 Zn   8.180000   2.622768  10.389896
83 Zn   8.180000   5.259723  12.279110
84 O   8.180000   2.031457  12.279110
85 O   9.815869   4.668412  13.223561
86 Zn   6.544000   2.622768  13.223561
87 Zn   6.544000   5.259723  15.112774
88 O   6.544000   2.031457  15.112774
89 O   8.179869   4.668412  16.057226
90 Zn   8.180000   2.622768  16.057226
91 Zn   8.180000   5.259723  17.946439
92 O   8.180000   2.031457  17.946439
93 O   9.787005   4.674741  18.936901
94 Zn   6.544683   2.652240  18.809770
95 Zn   6.504301   5.360697  20.809642
96 O   6.519655   2.103546  20.762979
97 O   7.753396   4.587484  22.162861
98 Zn   8.160161   2.985957  21.456882
99 Zn   6.544000  10.533633   9.445445
100 O   6.544000   7.305367   9.445445
101 O   8.179869   9.942322  10.389896
102 Zn   8.180000   7.896678  10.389896
103 Zn   8.180000  10.533633  12.279110
104 O   8.180000   7.305367  12.279110
105 O   9.815869   9.942322  13.223561
106 Zn   6.544000   7.896678  13.223561
107 Zn   6.544000  10.533633  15.112774
108 O   6.544000   7.305367  15.112774
109 O   8.179869   9.942322  16.057226
110 Zn   8.180000   7.896678  16.057226
111 Zn   8.180000  10.533633  17.946439
112 O   8.180000   7.305367  17.946439
113 O   9.814811   9.944723  18.891425
114 Zn   6.543184   7.972642  18.805599
115 Zn   6.542730  10.596690  20.864152
116 O   6.524065   7.292953  20.756231
117 O   8.176348   9.970751  21.652097
118 Zn   8.177555   8.139360  21.380731
119 Zn   9.816000   5.259723   9.445445
120 O   9.816000   2.031457   9.445445
121 O  11.451869   4.668412  10.389896
122 Zn  11.452000   2.622768  10.389896
123 Zn  11.452000   5.259723  12.279110
124 O  11.452000   2.031457  12.279110
125 O  13.087869   4.668412  13.223561
126 Zn   9.816000   2.622768  13.223561
127 Zn   9.816000   5.259723  15.112774
128 O   9.816000   2.031457  15.112774
129 O  11.451869   4.668412  16.057226
130 Zn  11.452000   2.622768  16.057226
131 Zn  11.452000   5.259723  17.946439
132 O  11.452000   2.031457  17.946439
133 O  13.087822   4.671000  18.892603
134 Zn   9.816966   2.672003  18.812848
135 Zn   9.814696   5.329027  20.864611
136 O   9.778609   2.083315  20.779940
137 O  11.418236   4.700415  21.663065
138 Zn  11.458295   2.860144  21.367388
139 Zn   9.816000  10.533633   9.445445
140 O   9.816000   7.305367   9.445445
141 O  11.451869   9.942322  10.389896
142 Zn  11.452000   7.896678  10.389896
143 Zn  11.452000  10.533633  12.279110
144 O  11.452000   7.305367  12.279110
145 O  13.087869   9.942322  13.223561
146 Zn   9.816000   7.896678  13.223561
147 Zn   9.816000  10.533633  15.112774
148 O   9.816000   7.305367  15.112774
149 O  11.451869   9.942322  16.057226
150 Zn  11.452000   7.896678  16.057226
151 Zn  11.452000  10.533633  17.946439
152 O  11.452000   7.305367  17.946439
153 O  13.088131   9.944828  18.888494
154 Zn   9.817995   7.967239  18.809085
155 Zn   9.814347  10.592997  20.864285
156 O   9.804253   7.283404  20.770339
157 O  11.448956   9.973594  21.655292
158 Zn  11.456260   8.145206  21.366557
159 C   6.355564   4.407679  23.278506
160 O   6.366974   4.617223  24.972938
161 O   4.960782   4.613837  22.179681
Original fixed_list:
[0, 1, 2, 3, 4, 5, 6, 7, 8, 9, 10, 11, 12, 13, 20, 21, 22, 23, 24, 25, 26, 27, 28, 29, 30, 31, 32, 33, 40, 41, 42, 43, 44, 45, 46, 47, 48, 49, 50, 51, 52, 53, 59, 60, 61, 62, 63, 64, 65, 66, 67, 68, 69, 70, 71, 72, 79, 80, 81, 82, 83, 84, 85, 86, 87, 88, 89, 90, 91, 92, 99, 100, 101, 102, 103, 104, 105, 106, 107, 108, 109, 110, 111, 112, 119, 120, 121, 122, 123, 124, 125, 126, 127, 128, 129, 130, 131, 132, 139, 140, 141, 142, 143, 144, 145, 146, 147, 148, 149, 150, 151, 152]
Zfix not requested so sticking with original list
Fixed list now:
[0, 1, 2, 3, 4, 5, 6, 7, 8, 9, 10, 11, 12, 13, 20, 21, 22, 23, 24, 25, 26, 27, 28, 29, 30, 31, 32, 33, 40, 41, 42, 43, 44, 45, 46, 47, 48, 49, 50, 51, 52, 53, 59, 60, 61, 62, 63, 64, 65, 66, 67, 68, 69, 70, 71, 72, 79, 80, 81, 82, 83, 84, 85, 86, 87, 88, 89, 90, 91, 92, 99, 100, 101, 102, 103, 104, 105, 106, 107, 108, 109, 110, 111, 112, 119, 120, 121, 122, 123, 124, 125, 126, 127, 128, 129, 130, 131, 132, 139, 140, 141, 142, 143, 144, 145, 146, 147, 148, 149, 150, 151, 152]
Re-setting cons_orig.....
cons_orig:
FixAtoms(indices=[0, 1, 2, 3, 4, 5, 6, 7, 8, 9, 10, 11, 12, 13, 20, 21, 22, 23, 24, 25, 26, 27, 28, 29, 30, 31, 32, 33, 40, 41, 42, 43, 44, 45, 46, 47, 48, 49, 50, 51, 52, 53, 59, 60, 61, 62, 63, 64, 65, 66, 67, 68, 69, 70, 71, 72, 79, 80, 81, 82, 83, 84, 85, 86, 87, 88, 89, 90, 91, 92, 99, 100, 101, 102, 103, 104, 105, 106, 107, 108, 109, 110, 111, 112, 119, 120, 121, 122, 123, 124, 125, 126, 127, 128, 129, 130, 131, 132, 139, 140, 141, 142, 143, 144, 145, 146, 147, 148, 149, 150, 151, 152])
0 Zn   0.000000   5.259723   9.445445 fixed
1 O   0.000000   2.031457   9.445445 fixed
2 O   1.635869   4.668412  10.389896 fixed
3 Zn   1.636000   2.622768  10.389896 fixed
4 Zn   1.636000   5.259723  12.279110 fixed
5 O   1.636000   2.031457  12.279110 fixed
6 O   3.271869   4.668412  13.223561 fixed
7 Zn   0.000000   2.622768  13.223561 fixed
8 Zn   0.000000   5.259723  15.112774 fixed
9 O   0.000000   2.031457  15.112774 fixed
10 O   1.635869   4.668412  16.057226 fixed
11 Zn   1.636000   2.622768  16.057226 fixed
12 Zn   1.636000   5.259723  17.946439 fixed
13 O   1.636000   2.031457  17.946439 fixed
14 O   3.305715   4.675067  18.952298 free
15 Zn  -0.000266   2.684020  18.814398 free
16 Zn   0.000993   5.326128  20.861315 free
17 O  -0.000868   2.044211  20.763018 free
18 O   1.639725   4.696217  21.654703 free
19 Zn   1.632746   2.862303  21.370096 free
20 Zn   0.000000  10.533633   9.445445 fixed
21 O   0.000000   7.305367   9.445445 fixed
22 O   1.635869   9.942322  10.389896 fixed
23 Zn   1.636000   7.896678  10.389896 fixed
24 Zn   1.636000  10.533633  12.279110 fixed
25 O   1.636000   7.305367  12.279110 fixed
26 O   3.271869   9.942322  13.223561 fixed
27 Zn   0.000000   7.896678  13.223561 fixed
28 Zn   0.000000  10.533633  15.112774 fixed
29 O   0.000000   7.305367  15.112774 fixed
30 O   1.635869   9.942322  16.057226 fixed
31 Zn   1.636000   7.896678  16.057226 fixed
32 Zn   1.636000  10.533633  17.946439 fixed
33 O   1.636000   7.305367  17.946439 fixed
34 O   3.272990   9.945565  18.890995 free
35 Zn  -0.000220   7.965363  18.814646 free
36 Zn   0.000150  10.593444  20.862547 free
37 O  -0.000319   7.312188  20.763211 free
38 O   1.639001   9.973656  21.654283 free
39 Zn   1.633742   8.144380  21.366611 free
40 Zn   3.272000   5.259723   9.445445 fixed
41 O   3.272000   2.031457   9.445445 fixed
42 O   4.907869   4.668412  10.389896 fixed
43 Zn   4.908000   2.622768  10.389896 fixed
44 Zn   4.908000   5.259723  12.279110 fixed
45 O   4.908000   2.031457  12.279110 fixed
46 O   6.543869   4.668412  13.223561 fixed
47 Zn   3.272000   2.622768  13.223561 fixed
48 Zn   3.272000   5.259723  15.112774 fixed
49 O   3.272000   2.031457  15.112774 fixed
50 O   4.907869   4.668412  16.057226 fixed
51 Zn   4.908000   2.622768  16.057226 fixed
52 Zn   4.908000   5.259723  17.946439 fixed
53 O   4.908000   2.031457  17.946439 fixed
54 O   6.523989   4.678381  18.988238 free
55 Zn   3.269815   2.668987  18.811501 free
56 Zn   3.248483   5.341025  20.895155 free
57 O   3.300409   2.082049  20.766758 free
58 Zn   4.903524   2.928440  21.480434 free
59 Zn   3.272000  10.533633   9.445445 fixed
60 O   3.272000   7.305367   9.445445 fixed
61 O   4.907869   9.942322  10.389896 fixed
62 Zn   4.908000   7.896678  10.389896 fixed
63 Zn   4.908000  10.533633  12.279110 fixed
64 O   4.908000   7.305367  12.279110 fixed
65 O   6.543869   9.942322  13.223561 fixed
66 Zn   3.272000   7.896678  13.223561 fixed
67 Zn   3.272000  10.533633  15.112774 fixed
68 O   3.272000   7.305367  15.112774 fixed
69 O   4.907869   9.942322  16.057226 fixed
70 Zn   4.908000   7.896678  16.057226 fixed
71 Zn   4.908000  10.533633  17.946439 fixed
72 O   4.908000   7.305367  17.946439 fixed
73 O   6.544330   9.946071  18.891805 free
74 Zn   3.270291   7.967660  18.809642 free
75 Zn   3.273272  10.595153  20.864061 free
76 O   3.283766   7.291007  20.764684 free
77 O   4.909360   9.976456  21.654530 free
78 Zn   4.902871   8.151788  21.377613 free
79 Zn   6.544000   5.259723   9.445445 fixed
80 O   6.544000   2.031457   9.445445 fixed
81 O   8.179869   4.668412  10.389896 fixed
82 Zn   8.180000   2.622768  10.389896 fixed
83 Zn   8.180000   5.259723  12.279110 fixed
84 O   8.180000   2.031457  12.279110 fixed
85 O   9.815869   4.668412  13.223561 fixed
86 Zn   6.544000   2.622768  13.223561 fixed
87 Zn   6.544000   5.259723  15.112774 fixed
88 O   6.544000   2.031457  15.112774 fixed
89 O   8.179869   4.668412  16.057226 fixed
90 Zn   8.180000   2.622768  16.057226 fixed
91 Zn   8.180000   5.259723  17.946439 fixed
92 O   8.180000   2.031457  17.946439 fixed
93 O   9.787005   4.674741  18.936901 free
94 Zn   6.544683   2.652240  18.809770 free
95 Zn   6.504301   5.360697  20.809642 free
96 O   6.519655   2.103546  20.762979 free
97 O   7.753396   4.587484  22.162861 free scan atom ref
98 Zn   8.160161   2.985957  21.456882 free
99 Zn   6.544000  10.533633   9.445445 fixed
100 O   6.544000   7.305367   9.445445 fixed
101 O   8.179869   9.942322  10.389896 fixed
102 Zn   8.180000   7.896678  10.389896 fixed
103 Zn   8.180000  10.533633  12.279110 fixed
104 O   8.180000   7.305367  12.279110 fixed
105 O   9.815869   9.942322  13.223561 fixed
106 Zn   6.544000   7.896678  13.223561 fixed
107 Zn   6.544000  10.533633  15.112774 fixed
108 O   6.544000   7.305367  15.112774 fixed
109 O   8.179869   9.942322  16.057226 fixed
110 Zn   8.180000   7.896678  16.057226 fixed
111 Zn   8.180000  10.533633  17.946439 fixed
112 O   8.180000   7.305367  17.946439 fixed
113 O   9.814811   9.944723  18.891425 free
114 Zn   6.543184   7.972642  18.805599 free
115 Zn   6.542730  10.596690  20.864152 free
116 O   6.524065   7.292953  20.756231 free
117 O   8.176348   9.970751  21.652097 free
118 Zn   8.177555   8.139360  21.380731 free
119 Zn   9.816000   5.259723   9.445445 fixed
120 O   9.816000   2.031457   9.445445 fixed
121 O  11.451869   4.668412  10.389896 fixed
122 Zn  11.452000   2.622768  10.389896 fixed
123 Zn  11.452000   5.259723  12.279110 fixed
124 O  11.452000   2.031457  12.279110 fixed
125 O  13.087869   4.668412  13.223561 fixed
126 Zn   9.816000   2.622768  13.223561 fixed
127 Zn   9.816000   5.259723  15.112774 fixed
128 O   9.816000   2.031457  15.112774 fixed
129 O  11.451869   4.668412  16.057226 fixed
130 Zn  11.452000   2.622768  16.057226 fixed
131 Zn  11.452000   5.259723  17.946439 fixed
132 O  11.452000   2.031457  17.946439 fixed
133 O  13.087822   4.671000  18.892603 free
134 Zn   9.816966   2.672003  18.812848 free
135 Zn   9.814696   5.329027  20.864611 free
136 O   9.778609   2.083315  20.779940 free
137 O  11.418236   4.700415  21.663065 free
138 Zn  11.458295   2.860144  21.367388 free
139 Zn   9.816000  10.533633   9.445445 fixed
140 O   9.816000   7.305367   9.445445 fixed
141 O  11.451869   9.942322  10.389896 fixed
142 Zn  11.452000   7.896678  10.389896 fixed
143 Zn  11.452000  10.533633  12.279110 fixed
144 O  11.452000   7.305367  12.279110 fixed
145 O  13.087869   9.942322  13.223561 fixed
146 Zn   9.816000   7.896678  13.223561 fixed
147 Zn   9.816000  10.533633  15.112774 fixed
148 O   9.816000   7.305367  15.112774 fixed
149 O  11.451869   9.942322  16.057226 fixed
150 Zn  11.452000   7.896678  16.057226 fixed
151 Zn  11.452000  10.533633  17.946439 fixed
152 O  11.452000   7.305367  17.946439 fixed
153 O  13.088131   9.944828  18.888494 free
154 Zn   9.817995   7.967239  18.809085 free
155 Zn   9.814347  10.592997  20.864285 free
156 O   9.804253   7.283404  20.770339 free
157 O  11.448956   9.973594  21.655292 free
158 Zn  11.456260   8.145206  21.366557 free
159 C   6.355564   4.407679  23.278506 free scan atom moving
160 O   6.366974   4.617223  24.972938 free
161 O   4.960782   4.613837  22.179681 free
You are using i-Pi based socket connectivity between ASE and FHI-aims.
The communicated energy in Hartree units will be converted to eV in ASE and not FHI-aims.
The eV/Hartree unit in FHI-aims is given by CODATA 2002 (Web Version 4.0 2003-12-09), Peter J. Mohr, Barry N. Taylor
ASE uses CODATA 2014, thus the energy in eV from ASE and the FHI-aims outputs will differ.
Please be consistent in the unit conversion for data analysis!
You can turn off this message by setting 'codata_warning' keyword to False.
Initial energy = -4101991.740207 eV
Step 0, for this pass distance set to   1.797479

Constraints set, new and old
Constraints set: [FixAtoms(indices=[0, 1, 2, 3, 4, 5, 6, 7, 8, 9, 10, 11, 12, 13, 20, 21, 22, 23, 24, 25, 26, 27, 28, 29, 30, 31, 32, 33, 40, 41, 42, 43, 44, 45, 46, 47, 48, 49, 50, 51, 52, 53, 59, 60, 61, 62, 63, 64, 65, 66, 67, 68, 69, 70, 71, 72, 79, 80, 81, 82, 83, 84, 85, 86, 87, 88, 89, 90, 91, 92, 99, 100, 101, 102, 103, 104, 105, 106, 107, 108, 109, 110, 111, 112, 119, 120, 121, 122, 123, 124, 125, 126, 127, 128, 129, 130, 131, 132, 139, 140, 141, 142, 143, 144, 145, 146, 147, 148, 149, 150, 151, 152]), <ase.constraints.FixBondLengths object at 0x2b6f93dc6c90>]
      Step     Time          Energy         fmax
FIRE:    0 21:18:30 -4101991.740207        8.4253
FIRE:    1 21:46:22 -4101993.121364       10.1908
FIRE:    2 22:22:38 -4101995.778903        9.8996
FIRE:    3 22:53:08 -4101996.315376       11.7485
FIRE:    4 23:19:14 -4101996.775217        3.8773
FIRE:    5 23:45:51 -4101996.852311        3.9903
FIRE:    6 00:02:16 -4101996.869133        3.7302
FIRE:    7 00:21:19 -4101996.899351        3.2179
FIRE:    8 00:38:58 -4101996.937045        2.4870
FIRE:    9 00:57:58 -4101996.975888        2.2764
FIRE:   10 01:16:53 -4101997.012396        2.3111
FIRE:   11 01:34:34 -4101997.048867        2.3857
FIRE:   12 01:53:39 -4101997.092436        2.7574
FIRE:   13 02:13:52 -4101997.156666        2.8654
FIRE:   14 02:34:10 -4101997.247407        2.6084
FIRE:   15 02:57:05 -4101997.360017        2.3771
FIRE:   16 03:21:08 -4101997.484417        2.3255
FIRE:   17 03:42:41 -4101997.622060        2.5599
FIRE:   18 04:02:51 -4101997.786574        2.7283
FIRE:   19 04:27:41 -4101997.974774        2.0499
FIRE:   20 05:03:52 -4101998.145881        1.6481
FIRE:   21 05:22:52 -4101998.270768        1.6738
FIRE:   22 06:00:24 -4101998.349459        2.0986
FIRE:   23 06:19:52 -4101998.396737        2.1183
FIRE:   24 06:38:47 -4101998.465774        1.3378
FIRE:   25 07:16:44 -4101998.475157        1.8604
FIRE:   26 07:29:53 -4101998.493677        1.2960
FIRE:   27 07:45:37 -4101998.518956        1.1290
FIRE:   28 08:01:26 -4101998.544043        1.1417
FIRE:   29 08:16:32 -4101998.572777        1.3328
FIRE:   30 08:30:19 -4101998.607647        1.0980
FIRE:   31 09:18:29 -4101998.642279        0.7395
FIRE:   32 09:33:45 -4101998.669748        0.7943
FIRE:   33 09:49:35 -4101998.696785        1.0300
FIRE:   34 10:05:20 -4101998.727433        0.5911
FIRE:   35 10:22:24 -4101998.752998        1.0708
